C:/A_My_Work/ARM_STM32/myLib/myLib.c:5:5:__io_putchar	16	static
C:/A_My_Work/ARM_STM32/myLib/myLib.c:24:6:Dump	48	static
C:/A_My_Work/ARM_STM32/myLib/myLib.c:48:6:cls	8	static
C:/A_My_Work/ARM_STM32/myLib/myLib.c:56:6:Cursor	16	static
C:/A_My_Work/ARM_STM32/myLib/myLib.c:69:5:GetBuffer	24	static
C:/A_My_Work/ARM_STM32/myLib/myLib.c:95:5:__io_getchar	16	static
C:/A_My_Work/ARM_STM32/myLib/myLib.c:111:6:Wait	8	static
C:/A_My_Work/ARM_STM32/myLib/myLib.c:116:6:ProgramStart	16	static
C:/A_My_Work/ARM_STM32/myLib/myLib.c:132:7:Trim	32	static
C:/A_My_Work/ARM_STM32/myLib/myLib.c:148:5:myStrncmp	32	static
C:/A_My_Work/ARM_STM32/myLib/myLib.c:157:5:myStrlen	24	static
C:/A_My_Work/ARM_STM32/myLib/myLib.c:166:5:CheckCMD	48	static
C:/A_My_Work/ARM_STM32/myLib/myLib.c:198:5:Parsing	48	static
