../Core/Src/main.c:76:6:HAL_ADC_ConvCpltCallback	16	static
../Core/Src/main.c:82:6:HAL_GPIO_EXTI_Callback	16	static
../Core/Src/main.c:94:5:main	56	static
../Core/Src/main.c:213:6:SystemClock_Config	88	static
../Core/Src/main.c:260:13:MX_ADC1_Init	24	static
../Core/Src/main.c:331:13:MX_TIM3_Init	32	static
../Core/Src/main.c:376:13:MX_USART2_UART_Init	8	static
../Core/Src/main.c:407:13:MX_DMA_Init	16	static
../Core/Src/main.c:425:13:MX_GPIO_Init	48	static
../Core/Src/main.c:475:6:Error_Handler	4	static,ignoring_inline_asm
