../Core/Src/main.c:64:6:microDelay	16	static
../Core/Src/main.c:81:6:Trigger	8	static
../Core/Src/main.c:92:6:HAL_GPIO_EXTI_Callback	24	static
../Core/Src/main.c:124:6:HAL_TIM_PeriodElapsedCallback	16	static
../Core/Src/main.c:137:5:main	16	static
../Core/Src/main.c:198:6:SystemClock_Config	88	static
../Core/Src/main.c:245:13:MX_TIM3_Init	32	static
../Core/Src/main.c:290:13:MX_TIM5_Init	32	static
../Core/Src/main.c:335:13:MX_USART2_UART_Init	8	static
../Core/Src/main.c:368:13:MX_GPIO_Init	48	static
../Core/Src/main.c:428:6:Error_Handler	4	static,ignoring_inline_asm
