../Core/Src/main.c:70:6:HAL_ADC_ConvCpltCallback	24	static
../Core/Src/main.c:82:6:HAL_TIM_PeriodElapsedCallback	16	static
../Core/Src/main.c:88:6:MakeItem	24	static
../Core/Src/main.c:114:5:main	32	static
../Core/Src/main.c:178:6:SystemClock_Config	88	static
../Core/Src/main.c:225:13:MX_ADC1_Init	24	static
../Core/Src/main.c:287:13:MX_TIM3_Init	32	static
../Core/Src/main.c:332:13:MX_TIM4_Init	32	static
../Core/Src/main.c:377:13:MX_USART2_UART_Init	8	static
../Core/Src/main.c:410:13:MX_GPIO_Init	48	static
../Core/Src/main.c:456:6:Error_Handler	4	static,ignoring_inline_asm
