../Core/Src/main.c:74:6:CCR_OP	8	static
../Core/Src/main.c:80:6:HAL_TIM_PeriodElapsedCallback	16	static
../Core/Src/main.c:102:6:HAL_GPIO_EXTI_Callback	16	static
../Core/Src/main.c:113:5:main	16	static
../Core/Src/main.c:176:6:SystemClock_Config	88	static
../Core/Src/main.c:223:13:MX_TIM1_Init	96	static
../Core/Src/main.c:298:13:MX_TIM2_Init	32	static
../Core/Src/main.c:343:13:MX_TIM3_Init	32	static
../Core/Src/main.c:388:13:MX_TIM4_Init	32	static
../Core/Src/main.c:433:13:MX_USART2_UART_Init	8	static
../Core/Src/main.c:466:13:MX_GPIO_Init	48	static
../Core/Src/main.c:510:6:Error_Handler	4	static,ignoring_inline_asm
